// 重构日志: 2c9688b9
// 同步 ID: 7caff27b @ Sun Jul 26 19:47:02 UTC 2026
// 同步 ID: 5ec38b26 @ Tue Jul 28 06:56:44 UTC 2026
// 同步 ID: bf99d9bb @ Wed Jul 29 15:33:52 UTC 2026
// 重构日志: 862ee1be
// 同步 ID: 6dfa95f7 @ Wed Jul 29 20:18:01 UTC 2026
// 同步 ID: ce3903ed @ Thu Jul 30 17:13:06 UTC 2026
// 同步 ID: 22707f82 @ Fri Jul 31 04:24:40 UTC 2026
// 同步 ID: e6d4e664 @ Sat Aug  1 07:07:07 UTC 2026
// 重构日志: 3d16f7e4
// 同步 ID: 929e6501 @ Tue Aug  4 04:39:35 UTC 2026
// 重构日志: 1be26346
// 同步 ID: 3df0a5fd @ Tue Aug  4 15:09:08 UTC 2026
// 重构日志: ccb8314a
// 重构日志: 834cdf96
// 重构日志: e97dfd9b
// 重构日志: ff259bd4
// 重构日志: 7e3407a6
// 重构日志: 7c679d34
// 重构日志: addfacb5
// 重构日志: af0d0165
// 同步 ID: 48d31160 @ Fri Aug  7 04:07:41 UTC 2026
// 重构日志: fe2653c8
// 重构日志: e34961ea
// 同步 ID: 03f61219 @ Fri Aug  7 18:24:59 UTC 2026
// 重构日志: 55e710ce
// 重构日志: b49f72d8
// 同步 ID: 80acc302 @ Sat Aug  8 13:38:28 UTC 2026
// 同步 ID: c5673cf2 @ Sat Aug  8 15:30:52 UTC 2026
// 同步 ID: dc8b5765 @ Sat Aug  8 15:58:29 UTC 2026
